<pre:Vehicle xmlns:pre='urn:example-org:Transport' type='car'>
	<seats> 4 </seats>
	<colour> White </colour>
<!-- Comments cannot contain the -- 
character sequence -->
<!-- Comments cannot end with a hyphen --->
<!-- Comments cannot <!-- be nested --> -->
	<engine>
		<petrol/>
		<capacity units='cc'>1598</capacity>
	</engine>
</pre:Vehicle>